Copyright 1986-2019 Xilinx, Inc. All Rights Reserved.
---------------------------------------------------------------------------------------------
| Tool Version : Vivado v.2019.1.1 (win64) Build 2580384 Sat Jun 29 08:12:21 MDT 2019
| Date         : Fri Aug 14 13:39:25 2026
| Host         : GANP2234 running 64-bit major release  (build 9200)
| Command      : report_control_sets -verbose -file design_1_wrapper_control_sets_placed.rpt
| Design       : design_1_wrapper
| Device       : xc7z045
---------------------------------------------------------------------------------------------

Control Set Information

Table of Contents
-----------------
1. Summary
2. Histogram
3. Flip-Flop Distribution
4. Detailed Control Set Information

1. Summary
----------

+----------------------------------------------------------+-------+
|                          Status                          | Count |
+----------------------------------------------------------+-------+
| Total control sets                                       |    15 |
|    Minimum number of control sets                        |    15 |
|    Addition due to synthesis replication                 |     0 |
|    Addition due to physical synthesis replication        |     0 |
| Unused register locations in slices containing registers |    63 |
+----------------------------------------------------------+-------+
* Control sets can be merged at opt_design using control_set_merge or merge_equivalent_drivers
** Run report_qor_suggestions for automated merging and remapping suggestions


2. Histogram
------------

+--------------------+-------+
|       Fanout       | Count |
+--------------------+-------+
| Total control sets |    15 |
| >= 0 to < 4        |     0 |
| >= 4 to < 6        |     6 |
| >= 6 to < 8        |     1 |
| >= 8 to < 10       |     0 |
| >= 10 to < 12      |     2 |
| >= 12 to < 14      |     4 |
| >= 14 to < 16      |     0 |
| >= 16              |     2 |
+--------------------+-------+
* Control sets can be remapped at either synth_design or opt_design


3. Flip-Flop Distribution
-------------------------

+--------------+-----------------------+------------------------+-----------------+--------------+
| Clock Enable | Synchronous Set/Reset | Asynchronous Set/Reset | Total Registers | Total Slices |
+--------------+-----------------------+------------------------+-----------------+--------------+
| No           | No                    | No                     |              79 |           28 |
| No           | No                    | Yes                    |              20 |            4 |
| No           | Yes                   | No                     |              27 |            9 |
| Yes          | No                    | No                     |               8 |            3 |
| Yes          | No                    | Yes                    |               0 |            0 |
| Yes          | Yes                   | No                     |              35 |            8 |
+--------------+-----------------------+------------------------+-----------------+--------------+


4. Detailed Control Set Information
-----------------------------------

+------------------------------------------------------------------------------------------------------------+-----------------------------------------------------------------------------------------------------------------------------------+-----------------------------------------------------------------------------------------------------------------------------------+------------------+----------------+
|                                                Clock Signal                                                |                                                           Enable Signal                                                           |                                                          Set/Reset Signal                                                         | Slice Load Count | Bel Load Count |
+------------------------------------------------------------------------------------------------------------+-----------------------------------------------------------------------------------------------------------------------------------+-----------------------------------------------------------------------------------------------------------------------------------+------------------+----------------+
|  design_1_i/processing_system7_0/inst/FCLK_CLK0                                                            |                                                                                                                                   | design_1_i/proc_sys_reset_1/U0/EXT_LPF/lpf_int                                                                                    |                3 |              4 |
|  design_1_i/processing_system7_0/inst/FCLK_CLK0                                                            | design_1_i/gmii_to_rgmii_0/U0/design_1_gmii_to_rgmii_0_0_core/i_gmii_to_rgmii/i_MANAGEMENT/MDIO_INTERFACE_1/BIT_COUNT             |                                                                                                                                   |                2 |              4 |
|  design_1_i/processing_system7_0/inst/FCLK_CLK0                                                            | design_1_i/gmii_to_rgmii_0/U0/design_1_gmii_to_rgmii_0_0_core/i_gmii_to_rgmii/i_MANAGEMENT/MDIO_INTERFACE_1/SHIFT_REG[15]_i_1_n_0 |                                                                                                                                   |                1 |              4 |
|  design_1_i/gmii_to_rgmii_0/U0/gmii_tx_clk                                                                 |                                                                                                                                   | design_1_i/gmii_to_rgmii_0/U0/design_1_gmii_to_rgmii_0_0_core/i_gmii_to_rgmii/tx_reset_async_reg_n_0                              |                1 |              5 |
|  design_1_i/processing_system7_0/inst/FCLK_CLK0                                                            |                                                                                                                                   | design_1_i/gmii_to_rgmii_0/U0/design_1_gmii_to_rgmii_0_0_core/i_gmii_to_rgmii/i_reset_sync_rx_reset/reset_in                      |                1 |              5 |
|  design_1_i/processing_system7_0/inst/FCLK_CLK0                                                            | design_1_i/gmii_to_rgmii_0/U0/design_1_gmii_to_rgmii_0_0_core/i_gmii_to_rgmii/i_MANAGEMENT/MDIO_INTERFACE_1/ADDR_WR[4]_i_1_n_0    | design_1_i/gmii_to_rgmii_0/U0/design_1_gmii_to_rgmii_0_0_core/i_gmii_to_rgmii/i_reset_sync_mgmt_reset/reset_out                   |                1 |              5 |
|  design_1_i/processing_system7_0/inst/FCLK_CLK0                                                            | design_1_i/proc_sys_reset_1/U0/SEQ/seq_cnt_en                                                                                     | design_1_i/proc_sys_reset_1/U0/SEQ/SEQ_COUNTER/clear                                                                              |                1 |              6 |
|  design_1_i/gmii_to_rgmii_0/U0/gmii_tx_clk                                                                 |                                                                                                                                   | design_1_i/gmii_to_rgmii_0/U0/design_1_gmii_to_rgmii_0_0_core/i_gmii_to_rgmii/i_gmii_to_rgmii/i_reset_sync_tx_reset/reset_out     |                2 |             10 |
|  design_1_i/processing_system7_0/inst/FCLK_CLK0                                                            |                                                                                                                                   | design_1_i/proc_sys_reset_1/U0/peripheral_reset[0]                                                                                |                2 |             10 |
|  design_1_i/gmii_to_rgmii_0/U0/design_1_gmii_to_rgmii_0_0_core/i_gmii_to_rgmii/i_gmii_to_rgmii/rgmii_rxc_0 |                                                                                                                                   |                                                                                                                                   |                7 |             12 |
|  design_1_i/processing_system7_0/inst/FCLK_CLK0                                                            | design_1_i/gmii_to_rgmii_0/U0/design_1_gmii_to_rgmii_0_0_core/i_gmii_to_rgmii/i_MANAGEMENT/MDIO_INTERFACE_1/SHIFT_REG[15]_i_1_n_0 | design_1_i/gmii_to_rgmii_0/U0/design_1_gmii_to_rgmii_0_0_core/i_gmii_to_rgmii/i_MANAGEMENT/MDIO_INTERFACE_1/SHIFT_REG[14]_i_1_n_0 |                3 |             12 |
|  design_1_i/processing_system7_0/inst/FCLK_CLK0                                                            | design_1_i/gmii_to_rgmii_0/U0/design_1_gmii_to_rgmii_0_0_core/i_gmii_to_rgmii/i_MANAGEMENT/MDC_RISING_REG1                        | design_1_i/gmii_to_rgmii_0/U0/design_1_gmii_to_rgmii_0_0_core/i_gmii_to_rgmii/i_reset_sync_mgmt_reset/reset_out                   |                3 |             12 |
|  design_1_i/processing_system7_0/inst/FCLK_CLK0                                                            |                                                                                                                                   | design_1_i/gmii_to_rgmii_0/U0/design_1_gmii_to_rgmii_0_0_core/i_gmii_to_rgmii/i_reset_sync_mgmt_reset/reset_out                   |                4 |             13 |
|  design_1_i/gmii_to_rgmii_0/U0/gmii_tx_clk                                                                 |                                                                                                                                   |                                                                                                                                   |                7 |             25 |
|  design_1_i/processing_system7_0/inst/FCLK_CLK0                                                            |                                                                                                                                   |                                                                                                                                   |               15 |             43 |
+------------------------------------------------------------------------------------------------------------+-----------------------------------------------------------------------------------------------------------------------------------+-----------------------------------------------------------------------------------------------------------------------------------+------------------+----------------+


