Copyright 1986-2019 Xilinx, Inc. All Rights Reserved.
--------------------------------------------------------------------------------------------------------------------------------------------------------------------------------------
| Tool Version : Vivado v.2019.1.1 (win64) Build 2580384 Sat Jun 29 08:12:21 MDT 2019
| Date         : Fri Aug 14 13:40:09 2026
| Host         : GANP2234 running 64-bit major release  (build 9200)
| Command      : report_methodology -file design_1_wrapper_methodology_drc_routed.rpt -pb design_1_wrapper_methodology_drc_routed.pb -rpx design_1_wrapper_methodology_drc_routed.rpx
| Design       : design_1_wrapper
| Device       : xc7z045ffg900-2
| Speed File   : -2
| Design State : Fully Routed
--------------------------------------------------------------------------------------------------------------------------------------------------------------------------------------

Report Methodology

Table of Contents
-----------------
1. REPORT SUMMARY
2. REPORT DETAILS

1. REPORT SUMMARY
-----------------
            Netlist: netlist
          Floorplan: design_1
      Design limits: <entire design considered>
             Max violations: <unlimited>
             Violations found: 31
+-----------+------------------+---------------------------------------------------+------------+
| Rule      | Severity         | Description                                       | Violations |
+-----------+------------------+---------------------------------------------------+------------+
| TIMING-17 | Critical Warning | Non-clocked sequential cell                       | 18         |
| LUTAR-1   | Warning          | LUT drives async reset alert                      | 1          |
| PDRC-190  | Warning          | Suboptimally placed synchronized register chain   | 4          |
| TIMING-9  | Warning          | Unknown CDC Logic                                 | 1          |
| TIMING-18 | Warning          | Missing input or output delay                     | 5          |
| XDCH-1    | Warning          | Hold option missing in multicycle path constraint | 2          |
+-----------+------------------+---------------------------------------------------+------------+

2. REPORT DETAILS
-----------------
TIMING-17#1 Critical Warning
Non-clocked sequential cell  
The clock pin design_1_i/gmii_to_rgmii_0/U0/design_1_gmii_to_rgmii_0_0_core/i_gmii_to_rgmii/i_gmii_to_rgmii/gen_rgmii_rx_iddr_zq.rgmii_rx_ctl_in/C is not reached by a timing clock
Related violations: <none>

TIMING-17#2 Critical Warning
Non-clocked sequential cell  
The clock pin design_1_i/gmii_to_rgmii_0/U0/design_1_gmii_to_rgmii_0_0_core/i_gmii_to_rgmii/i_gmii_to_rgmii/gen_rgmii_rx_iddr_zq.rxdata_in_bus[0].rgmii_rx_data_in/C is not reached by a timing clock
Related violations: <none>

TIMING-17#3 Critical Warning
Non-clocked sequential cell  
The clock pin design_1_i/gmii_to_rgmii_0/U0/design_1_gmii_to_rgmii_0_0_core/i_gmii_to_rgmii/i_gmii_to_rgmii/gen_rgmii_rx_iddr_zq.rxdata_in_bus[1].rgmii_rx_data_in/C is not reached by a timing clock
Related violations: <none>

TIMING-17#4 Critical Warning
Non-clocked sequential cell  
The clock pin design_1_i/gmii_to_rgmii_0/U0/design_1_gmii_to_rgmii_0_0_core/i_gmii_to_rgmii/i_gmii_to_rgmii/gen_rgmii_rx_iddr_zq.rxdata_in_bus[2].rgmii_rx_data_in/C is not reached by a timing clock
Related violations: <none>

TIMING-17#5 Critical Warning
Non-clocked sequential cell  
The clock pin design_1_i/gmii_to_rgmii_0/U0/design_1_gmii_to_rgmii_0_0_core/i_gmii_to_rgmii/i_gmii_to_rgmii/gen_rgmii_rx_iddr_zq.rxdata_in_bus[3].rgmii_rx_data_in/C is not reached by a timing clock
Related violations: <none>

TIMING-17#6 Critical Warning
Non-clocked sequential cell  
The clock pin design_1_i/gmii_to_rgmii_0/U0/design_1_gmii_to_rgmii_0_0_core/i_gmii_to_rgmii/i_gmii_to_rgmii/gmii_rx_dv_reg_int_reg/C is not reached by a timing clock
Related violations: <none>

TIMING-17#7 Critical Warning
Non-clocked sequential cell  
The clock pin design_1_i/gmii_to_rgmii_0/U0/design_1_gmii_to_rgmii_0_0_core/i_gmii_to_rgmii/i_gmii_to_rgmii/gmii_rx_er_reg_int_reg/C is not reached by a timing clock
Related violations: <none>

TIMING-17#8 Critical Warning
Non-clocked sequential cell  
The clock pin design_1_i/processing_system7_0/inst/ENET1_GMII_RXD_i_reg[0]/C is not reached by a timing clock
Related violations: <none>

TIMING-17#9 Critical Warning
Non-clocked sequential cell  
The clock pin design_1_i/processing_system7_0/inst/ENET1_GMII_RXD_i_reg[1]/C is not reached by a timing clock
Related violations: <none>

TIMING-17#10 Critical Warning
Non-clocked sequential cell  
The clock pin design_1_i/processing_system7_0/inst/ENET1_GMII_RXD_i_reg[2]/C is not reached by a timing clock
Related violations: <none>

TIMING-17#11 Critical Warning
Non-clocked sequential cell  
The clock pin design_1_i/processing_system7_0/inst/ENET1_GMII_RXD_i_reg[3]/C is not reached by a timing clock
Related violations: <none>

TIMING-17#12 Critical Warning
Non-clocked sequential cell  
The clock pin design_1_i/processing_system7_0/inst/ENET1_GMII_RXD_i_reg[4]/C is not reached by a timing clock
Related violations: <none>

TIMING-17#13 Critical Warning
Non-clocked sequential cell  
The clock pin design_1_i/processing_system7_0/inst/ENET1_GMII_RXD_i_reg[5]/C is not reached by a timing clock
Related violations: <none>

TIMING-17#14 Critical Warning
Non-clocked sequential cell  
The clock pin design_1_i/processing_system7_0/inst/ENET1_GMII_RXD_i_reg[6]/C is not reached by a timing clock
Related violations: <none>

TIMING-17#15 Critical Warning
Non-clocked sequential cell  
The clock pin design_1_i/processing_system7_0/inst/ENET1_GMII_RXD_i_reg[7]/C is not reached by a timing clock
Related violations: <none>

TIMING-17#16 Critical Warning
Non-clocked sequential cell  
The clock pin design_1_i/processing_system7_0/inst/ENET1_GMII_RX_DV_i_reg/C is not reached by a timing clock
Related violations: <none>

TIMING-17#17 Critical Warning
Non-clocked sequential cell  
The clock pin design_1_i/processing_system7_0/inst/ENET1_GMII_RX_ER_i_reg/C is not reached by a timing clock
Related violations: <none>

TIMING-17#18 Critical Warning
Non-clocked sequential cell  
The clock pin design_1_i/processing_system7_0/inst/PS7_i/EMIOENET1GMIIRXCLK is not reached by a timing clock
Related violations: <none>

LUTAR-1#1 Warning
LUT drives async reset alert  
LUT cell design_1_i/gmii_to_rgmii_0/U0/design_1_gmii_to_rgmii_0_0_core/i_gmii_to_rgmii/i_reset_sync_rx_reset/reset_sync1_i_1, with 2 or more inputs, drives asynchronous preset/clear pin(s) design_1_i/gmii_to_rgmii_0/U0/design_1_gmii_to_rgmii_0_0_core/i_gmii_to_rgmii/i_reset_sync_mgmt_reset/reset_sync1/PRE, design_1_i/gmii_to_rgmii_0/U0/design_1_gmii_to_rgmii_0_0_core/i_gmii_to_rgmii/i_reset_sync_mgmt_reset/reset_sync2/PRE, design_1_i/gmii_to_rgmii_0/U0/design_1_gmii_to_rgmii_0_0_core/i_gmii_to_rgmii/i_reset_sync_mgmt_reset/reset_sync3/PRE, design_1_i/gmii_to_rgmii_0/U0/design_1_gmii_to_rgmii_0_0_core/i_gmii_to_rgmii/i_reset_sync_mgmt_reset/reset_sync4/PRE, design_1_i/gmii_to_rgmii_0/U0/design_1_gmii_to_rgmii_0_0_core/i_gmii_to_rgmii/i_reset_sync_mgmt_reset/reset_sync5/PRE. The LUT may glitch and trigger an unexpected reset, even if it is a properly timed path.
Related violations: <none>

PDRC-190#1 Warning
Suboptimally placed synchronized register chain  
The FDPE cell design_1_i/gmii_to_rgmii_0/U0/design_1_gmii_to_rgmii_0_0_core/i_gmii_to_rgmii/i_gmii_to_rgmii/i_reset_sync_tx_reset/reset_sync5 in site SLICE_X1Y65 is part of a synchronized register chain that is suboptimally placed as the load FDPE cell design_1_i/gmii_to_rgmii_0/U0/design_1_gmii_to_rgmii_0_0_core/i_gmii_to_rgmii/i_gmii_to_rgmii/i_reset_sync_tx_reset/reset_sync6 is not placed in the same (SLICE) site.
Related violations: <none>

PDRC-190#2 Warning
Suboptimally placed synchronized register chain  
The FDPE cell design_1_i/gmii_to_rgmii_0/U0/design_1_gmii_to_rgmii_0_0_core/i_gmii_to_rgmii/i_reset_sync_mgmt_reset/reset_sync5 in site SLICE_X3Y66 is part of a synchronized register chain that is suboptimally placed as the load FDPE cell design_1_i/gmii_to_rgmii_0/U0/design_1_gmii_to_rgmii_0_0_core/i_gmii_to_rgmii/i_reset_sync_mgmt_reset/reset_sync6 is not placed in the same (SLICE) site.
Related violations: <none>

PDRC-190#3 Warning
Suboptimally placed synchronized register chain  
The FDPE cell design_1_i/gmii_to_rgmii_0/U0/design_1_gmii_to_rgmii_0_0_core/i_gmii_to_rgmii/i_reset_sync_rx_reset/reset_sync5 in site SLICE_X2Y64 is part of a synchronized register chain that is suboptimally placed as the load FDPE cell design_1_i/gmii_to_rgmii_0/U0/design_1_gmii_to_rgmii_0_0_core/i_gmii_to_rgmii/i_reset_sync_rx_reset/reset_sync6 is not placed in the same (SLICE) site.
Related violations: <none>

PDRC-190#4 Warning
Suboptimally placed synchronized register chain  
The FDPE cell design_1_i/gmii_to_rgmii_0/U0/design_1_gmii_to_rgmii_0_0_core/i_gmii_to_rgmii/i_reset_sync_tx_reset/reset_sync5 in site SLICE_X3Y64 is part of a synchronized register chain that is suboptimally placed as the load FDPE cell design_1_i/gmii_to_rgmii_0/U0/design_1_gmii_to_rgmii_0_0_core/i_gmii_to_rgmii/i_reset_sync_tx_reset/reset_sync6 is not placed in the same (SLICE) site.
Related violations: <none>

TIMING-9#1 Warning
Unknown CDC Logic  
One or more asynchronous Clock Domain Crossing has been detected between 2 clock domains through a set_false_path or a set_clock_groups or set_max_delay -datapath_only constraint but no double-registers logic synchronizer has been found on the side of the capture clock. It is recommended to run report_cdc for a complete and detailed CDC coverage. Please consider using XPM_CDC to avoid Critical severities
Related violations: <none>

TIMING-18#1 Warning
Missing input or output delay  
An output delay is missing on RGMII_0_td[0] relative to clock(s) design_1_gmii_to_rgmii_0_0_rgmii_tx_clk
Related violations: <none>

TIMING-18#2 Warning
Missing input or output delay  
An output delay is missing on RGMII_0_td[1] relative to clock(s) design_1_gmii_to_rgmii_0_0_rgmii_tx_clk
Related violations: <none>

TIMING-18#3 Warning
Missing input or output delay  
An output delay is missing on RGMII_0_td[2] relative to clock(s) design_1_gmii_to_rgmii_0_0_rgmii_tx_clk
Related violations: <none>

TIMING-18#4 Warning
Missing input or output delay  
An output delay is missing on RGMII_0_td[3] relative to clock(s) design_1_gmii_to_rgmii_0_0_rgmii_tx_clk
Related violations: <none>

TIMING-18#5 Warning
Missing input or output delay  
An output delay is missing on RGMII_0_tx_ctl relative to clock(s) design_1_gmii_to_rgmii_0_0_rgmii_tx_clk
Related violations: <none>

XDCH-1#1 Warning
Hold option missing in multicycle path constraint  
A multicycle constraint has been set to override the setup relationship, but no multicycle constraint has been defined to change the hold relationship. As a result, the default hold for those paths is derived from the setup and may not be evaluated as expected.
set_multicycle_path -setup -end -fall_from [get_clocks -include_generated_clocks -of_objects [get_pins -of [get_cells -hier -filter {name =~ *i_bufgmux_gmii_clk}] -filter {name =~ *O}]] -fall_to [get_clocks design_1_gmii_to_rgmii_0_0_rgmii_tx_clk] 0
c:/Users/vieira/Downloads/PortableGit/ethernet_PL_only/ethernet_PL_only.srcs/sources_1/bd/design_1/ip/design_1_gmii_to_rgmii_0_0/synth/design_1_gmii_to_rgmii_0_0_clocks.xdc (Line: 41)
Related violations: <none>

XDCH-1#2 Warning
Hold option missing in multicycle path constraint  
A multicycle constraint has been set to override the setup relationship, but no multicycle constraint has been defined to change the hold relationship. As a result, the default hold for those paths is derived from the setup and may not be evaluated as expected.
set_multicycle_path -setup -end -rise_from [get_clocks -include_generated_clocks -of_objects [get_pins -of [get_cells -hier -filter {name =~ *i_bufgmux_gmii_clk}] -filter {name =~ *O}]] -rise_to [get_clocks design_1_gmii_to_rgmii_0_0_rgmii_tx_clk] 0
c:/Users/vieira/Downloads/PortableGit/ethernet_PL_only/ethernet_PL_only.srcs/sources_1/bd/design_1/ip/design_1_gmii_to_rgmii_0_0/synth/design_1_gmii_to_rgmii_0_0_clocks.xdc (Line: 40)
Related violations: <none>


