Copyright 1986-2019 Xilinx, Inc. All Rights Reserved.
----------------------------------------------------------------------------------------------
| Tool Version : Vivado v.2019.1.1 (win64) Build 2580384 Sat Jun 29 08:12:21 MDT 2019
| Date         : Fri Aug 14 13:40:09 2026
| Host         : GANP2234 running 64-bit major release  (build 9200)
| Command      : report_clock_utilization -file design_1_wrapper_clock_utilization_routed.rpt
| Design       : design_1_wrapper
| Device       : 7z045-ffg900
| Speed File   : -2  PRODUCTION 1.11 2014-09-11
| Design State : Routed
----------------------------------------------------------------------------------------------

Clock Utilization Report

Table of Contents
-----------------
1. Clock Primitive Utilization
2. Global Clock Resources
3. Global Clock Source Details
4. Clock Regions: Key Resource Utilization
5. Clock Regions : Global Clock Summary
6. Device Cell Placement Summary for Global Clock g0
7. Device Cell Placement Summary for Global Clock g1
8. Device Cell Placement Summary for Global Clock g2
9. Device Cell Placement Summary for Global Clock g3
10. Device Cell Placement Summary for Global Clock g4
11. Device Cell Placement Summary for Global Clock g5
12. Device Cell Placement Summary for Global Clock g6
13. Clock Region Cell Placement per Global Clock: Region X0Y0
14. Clock Region Cell Placement per Global Clock: Region X0Y1
15. Clock Region Cell Placement per Global Clock: Region X0Y3
16. Clock Region Cell Placement per Global Clock: Region X0Y4
17. Clock Region Cell Placement per Global Clock: Region X0Y6

1. Clock Primitive Utilization
------------------------------

+----------+------+-----------+-----+--------------+--------+
| Type     | Used | Available | LOC | Clock Region | Pblock |
+----------+------+-----------+-----+--------------+--------+
| BUFGCTRL |    7 |        32 |   0 |            0 |      0 |
| BUFH     |    0 |       168 |   0 |            0 |      0 |
| BUFIO    |    1 |        32 |   1 |            0 |      0 |
| BUFMR    |    0 |        16 |   0 |            0 |      0 |
| BUFR     |    0 |        32 |   0 |            0 |      0 |
| MMCM     |    0 |         8 |   0 |            0 |      0 |
| PLL      |    0 |         8 |   0 |            0 |      0 |
+----------+------+-----------+-----+--------------+--------+


2. Global Clock Resources
-------------------------

+-----------+-----------+-----------------+------------+----------------+--------------+-------------------+-------------+-----------------+--------------+------------+-------------------------------------------------------------------------------------------------------------------+-----------------------------------------------------------------------------------------------------------+
| Global Id | Source Id | Driver Type/Pin | Constraint | Site           | Clock Region | Load Clock Region | Clock Loads | Non-Clock Loads | Clock Period | Clock      | Driver Pin                                                                                                        | Net                                                                                                       |
+-----------+-----------+-----------------+------------+----------------+--------------+-------------------+-------------+-----------------+--------------+------------+-------------------------------------------------------------------------------------------------------------------+-----------------------------------------------------------------------------------------------------------+
| g0        | src0      | BUFG/O          | None       | BUFGCTRL_X0Y26 | n/a          |                 3 |         119 |               0 |        5.000 | clk_fpga_0 | design_1_i/processing_system7_0/inst/buffer_fclk_clk_0.FCLK_CLK_0_BUFG/O                                          | design_1_i/processing_system7_0/inst/FCLK_CLK0                                                            |
| g1        | src1      | BUFGCTRL/O      | None       | BUFGCTRL_X0Y27 | n/a          |                 5 |          47 |               0 |        8.000 | clk_fpga_1 | design_1_i/gmii_to_rgmii_0/U0/i_bufgmux_gmii_clk/O                                                                | design_1_i/gmii_to_rgmii_0/U0/gmii_tx_clk                                                                 |
| g2        | src2      | BUFG/O          | None       | BUFGCTRL_X0Y0  | n/a          |                 3 |          13 |               0 |              |            | design_1_i/gmii_to_rgmii_0/U0/design_1_gmii_to_rgmii_0_0_core/i_gmii_to_rgmii/i_gmii_to_rgmii/bufg_rgmii_rx_clk/O | design_1_i/gmii_to_rgmii_0/U0/design_1_gmii_to_rgmii_0_0_core/i_gmii_to_rgmii/i_gmii_to_rgmii/rgmii_rxc_0 |
| g3        | src3      | BUFGCTRL/O      | None       | BUFGCTRL_X0Y30 | n/a          |                 1 |           1 |               0 |      400.000 | Multiple   | design_1_i/gmii_to_rgmii_0/U0/i_bufgmux_gmii_clk_25m_2_5m/O                                                       | design_1_i/gmii_to_rgmii_0/U0/gmii_clk_25m_or_2_5m                                                        |
| g4        | src0      | BUFG/O          | None       | BUFGCTRL_X0Y28 | n/a          |                 1 |           1 |               0 |        8.000 | clk_fpga_1 | design_1_i/processing_system7_0/inst/buffer_fclk_clk_1.FCLK_CLK_1_BUFG/O                                          | design_1_i/processing_system7_0/inst/FCLK_CLK1                                                            |
| g5        | src0      | BUFG/O          | None       | BUFGCTRL_X0Y29 | n/a          |                 1 |           1 |               0 |       40.000 | clk_fpga_2 | design_1_i/processing_system7_0/inst/buffer_fclk_clk_2.FCLK_CLK_2_BUFG/O                                          | design_1_i/processing_system7_0/inst/FCLK_CLK2                                                            |
| g6        | src0      | BUFG/O          | None       | BUFGCTRL_X0Y31 | n/a          |                 1 |           1 |               0 |      400.000 | clk_fpga_3 | design_1_i/processing_system7_0/inst/buffer_fclk_clk_3.FCLK_CLK_3_BUFG/O                                          | design_1_i/processing_system7_0/inst/FCLK_CLK3                                                            |
+-----------+-----------+-----------------+------------+----------------+--------------+-------------------+-------------+-----------------+--------------+------------+-------------------------------------------------------------------------------------------------------------------+-----------------------------------------------------------------------------------------------------------+
* Clock Loads column represents the clock pin loads (pin count)
** Non-Clock Loads column represents the non-clock pin loads (pin count)


3. Global Clock Source Details
------------------------------

+-----------+-----------+-----------------+------------+----------------+--------------+-------------+-----------------+---------------------+--------------+--------------------------------------------------------------------------+-------------------------------------------------------------+
| Source Id | Global Id | Driver Type/Pin | Constraint | Site           | Clock Region | Clock Loads | Non-Clock Loads | Source Clock Period | Source Clock | Driver Pin                                                               | Net                                                         |
+-----------+-----------+-----------------+------------+----------------+--------------+-------------+-----------------+---------------------+--------------+--------------------------------------------------------------------------+-------------------------------------------------------------+
| src0      | g0        | PS7/FCLKCLK[0]  | PS7_X0Y0   | PS7_X0Y0       | X0Y6         |           1 |               0 |               5.000 | clk_fpga_0   | design_1_i/processing_system7_0/inst/PS7_i/FCLKCLK[0]                    | design_1_i/processing_system7_0/inst/FCLK_CLK_unbuffered[0] |
| src0      | g4        | PS7/FCLKCLK[1]  | PS7_X0Y0   | PS7_X0Y0       | X0Y6         |           1 |               0 |               8.000 | clk_fpga_1   | design_1_i/processing_system7_0/inst/PS7_i/FCLKCLK[1]                    | design_1_i/processing_system7_0/inst/FCLK_CLK_unbuffered[1] |
| src0      | g5        | PS7/FCLKCLK[2]  | PS7_X0Y0   | PS7_X0Y0       | X0Y6         |           1 |               0 |              40.000 | clk_fpga_2   | design_1_i/processing_system7_0/inst/PS7_i/FCLKCLK[2]                    | design_1_i/processing_system7_0/inst/FCLK_CLK_unbuffered[2] |
| src0      | g6        | PS7/FCLKCLK[3]  | PS7_X0Y0   | PS7_X0Y0       | X0Y6         |           1 |               0 |             400.000 | clk_fpga_3   | design_1_i/processing_system7_0/inst/PS7_i/FCLKCLK[3]                    | design_1_i/processing_system7_0/inst/FCLK_CLK_unbuffered[3] |
| src1      | g1        | BUFGCTRL/O      | None       | BUFGCTRL_X0Y30 | n/a          |           1 |               0 |             400.000 | Multiple     | design_1_i/gmii_to_rgmii_0/U0/i_bufgmux_gmii_clk_25m_2_5m/O              | design_1_i/gmii_to_rgmii_0/U0/gmii_clk_25m_or_2_5m          |
| src2      | g2,       | IBUF/O          | IOB_X0Y26  | IOB_X0Y26      | X0Y0         |           2 |               0 |                     |              | design_1_i/gmii_to_rgmii_0/U0/rgmii_rxc_ibuf_i/O                         | design_1_i/gmii_to_rgmii_0/U0/rgmii_rxc_ibuf                |
| src3      | g3        | BUFG/O          | None       | BUFGCTRL_X0Y31 | n/a          |           1 |               0 |             400.000 | clk_fpga_3   | design_1_i/processing_system7_0/inst/buffer_fclk_clk_3.FCLK_CLK_3_BUFG/O | design_1_i/processing_system7_0/inst/FCLK_CLK3              |
+-----------+-----------+-----------------+------------+----------------+--------------+-------------+-----------------+---------------------+--------------+--------------------------------------------------------------------------+-------------------------------------------------------------+
* Clock Loads column represents the clock pin loads (pin count)
** Non-Clock Loads column represents the non-clock pin loads (pin count)


4. Clock Regions: Key Resource Utilization
------------------------------------------

+-------------------+--------------+--------------+--------------+--------------+--------------+--------------+--------------+--------------+--------------+--------------+--------------+--------------+--------------+--------------+--------------+
|                   | Global Clock |     BUFRs    |    BUFMRs    |    BUFIOs    |     MMCM     |      PLL     |      GT      |      PCI     |    ILOGIC    |    OLOGIC    |      FF      |     LUTM     |    RAMB18    |    RAMB36    |    DSP48E2   |
+-------------------+------+-------+------+-------+------+-------+------+-------+------+-------+------+-------+------+-------+------+-------+------+-------+------+-------+------+-------+------+-------+------+-------+------+-------+------+-------+
| Clock Region Name | Used | Avail | Used | Avail | Used | Avail | Used | Avail | Used | Avail | Used | Avail | Used | Avail | Used | Avail | Used | Avail | Used | Avail | Used | Avail | Used | Avail | Used | Avail | Used | Avail | Used | Avail |
+-------------------+------+-------+------+-------+------+-------+------+-------+------+-------+------+-------+------+-------+------+-------+------+-------+------+-------+------+-------+------+-------+------+-------+------+-------+------+-------+
| X0Y0              |    3 |    12 |    0 |     4 |    0 |     2 |    1 |     4 |    0 |     1 |    0 |     1 |    0 |     0 |    0 |     0 |    5 |    50 |    6 |    50 |    0 |  4500 |    0 |  1600 |    0 |    80 |    0 |    40 |    0 |    80 |
| X1Y0              |    0 |    12 |    0 |     0 |    0 |     0 |    0 |     0 |    0 |     0 |    0 |     0 |    0 |     4 |    0 |     0 |    0 |     0 |    0 |     0 |    0 |  3700 |    0 |  1050 |    0 |    80 |    0 |    40 |    0 |    60 |
| X0Y1              |    3 |    12 |    0 |     4 |    0 |     2 |    0 |     4 |    0 |     1 |    0 |     1 |    0 |     0 |    0 |     0 |    0 |    50 |    0 |    50 |  117 |  4500 |   52 |  1600 |    0 |    80 |    0 |    40 |    0 |    80 |
| X1Y1              |    0 |    12 |    0 |     0 |    0 |     0 |    0 |     0 |    0 |     0 |    0 |     0 |    0 |     4 |    0 |     0 |    0 |     0 |    0 |     0 |    0 |  3700 |    0 |  1050 |    0 |    80 |    0 |    40 |    0 |    60 |
| X0Y2              |    0 |    12 |    0 |     4 |    0 |     2 |    0 |     4 |    0 |     1 |    0 |     1 |    0 |     0 |    0 |     0 |    0 |    50 |    0 |    50 |    0 |  4500 |    0 |  1600 |    0 |    80 |    0 |    40 |    0 |    80 |
| X1Y2              |    0 |    12 |    0 |     0 |    0 |     0 |    0 |     0 |    0 |     0 |    0 |     0 |    0 |     4 |    0 |     0 |    0 |     0 |    0 |     0 |    0 |  3700 |    0 |  1050 |    0 |    80 |    0 |    40 |    0 |    60 |
| X0Y3              |    3 |    12 |    0 |     4 |    0 |     2 |    0 |     4 |    0 |     1 |    0 |     1 |    0 |     0 |    0 |     0 |    0 |    50 |    0 |    50 |   43 |  4500 |   33 |  1600 |    0 |    80 |    0 |    40 |    0 |    80 |
| X1Y3              |    0 |    12 |    0 |     0 |    0 |     0 |    0 |     0 |    0 |     0 |    0 |     0 |    0 |     4 |    0 |     1 |    0 |     0 |    0 |     0 |    0 |  3550 |    0 |  1000 |    0 |    70 |    0 |    35 |    0 |    60 |
| X0Y4              |    1 |    12 |    0 |     4 |    0 |     2 |    0 |     4 |    0 |     1 |    0 |     1 |    0 |     0 |    0 |     0 |    0 |    50 |    0 |    50 |    9 |  4500 |    7 |  1600 |    0 |    80 |    0 |    40 |    0 |    80 |
| X1Y4              |    0 |    12 |    0 |     4 |    0 |     2 |    0 |     4 |    0 |     1 |    0 |     1 |    0 |     0 |    0 |     0 |    0 |    50 |    0 |    50 |    0 |  4100 |    0 |  1150 |    0 |   100 |    0 |    50 |    0 |    60 |
| X0Y5              |    0 |    12 |    0 |     0 |    0 |     0 |    0 |     0 |    0 |     0 |    0 |     0 |    0 |     0 |    0 |     0 |    0 |     0 |    0 |     0 |    0 |  3200 |    0 |  1000 |    0 |    40 |    0 |    20 |    0 |    40 |
| X1Y5              |    0 |    12 |    0 |     4 |    0 |     2 |    0 |     4 |    0 |     1 |    0 |     1 |    0 |     0 |    0 |     0 |    0 |    50 |    0 |    50 |    0 |  3500 |    0 |  1150 |    0 |   100 |    0 |    50 |    0 |    60 |
| X0Y6              |    2 |    12 |    0 |     0 |    0 |     0 |    0 |     0 |    0 |     0 |    0 |     0 |    0 |     0 |    0 |     0 |    0 |     0 |    0 |     0 |    0 |  3200 |    0 |  1000 |    0 |    40 |    0 |    20 |    0 |    40 |
| X1Y6              |    0 |    12 |    0 |     4 |    0 |     2 |    0 |     4 |    0 |     1 |    0 |     1 |    0 |     0 |    0 |     0 |    0 |    50 |    0 |    50 |    0 |  3500 |    0 |  1150 |    0 |   100 |    0 |    50 |    0 |    60 |
+-------------------+------+-------+------+-------+------+-------+------+-------+------+-------+------+-------+------+-------+------+-------+------+-------+------+-------+------+-------+------+-------+------+-------+------+-------+------+-------+
* Global Clock column represents track count; while other columns represents cell counts


5. Clock Regions : Global Clock Summary
---------------------------------------

All Modules
+----+----+----+
|    | X0 | X1 |
+----+----+----+
| Y6 |  2 |  0 |
| Y5 |  0 |  0 |
| Y4 |  1 |  0 |
| Y3 |  3 |  0 |
| Y2 |  0 |  0 |
| Y1 |  3 |  0 |
| Y0 |  3 |  0 |
+----+----+----+


6. Device Cell Placement Summary for Global Clock g0
----------------------------------------------------

+-----------+-----------------+-------------------+------------+-------------+---------------+-------------+----------+----------------+----------+------------------------------------------------+
| Global Id | Driver Type/Pin | Driver Region (D) | Clock      | Period (ns) | Waveform (ns) | Slice Loads | IO Loads | Clocking Loads | GT Loads | Net                                            |
+-----------+-----------------+-------------------+------------+-------------+---------------+-------------+----------+----------------+----------+------------------------------------------------+
| g0        | BUFG/O          | n/a               | clk_fpga_0 |       5.000 | {0.000 2.500} |         119 |        0 |              0 |        0 | design_1_i/processing_system7_0/inst/FCLK_CLK0 |
+-----------+-----------------+-------------------+------------+-------------+---------------+-------------+----------+----------------+----------+------------------------------------------------+
* Slice Loads column represents load cell count of all cell types other than IO, GT and clock resources
** IO Loads column represents load cell count of IO types
*** Clocking Loads column represents load cell count that are clock resources (global clock buffer, MMCM, PLL, etc)
**** GT Loads column represents load cell count of GT types


+----+-----+----+
|    | X0  | X1 |
+----+-----+----+
| Y6 |   0 |  0 |
| Y5 |   0 |  0 |
| Y4 |   0 |  0 |
| Y3 |  34 |  0 |
| Y2 |   0 |  0 |
| Y1 |  84 |  0 |
| Y0 |   1 |  0 |
+----+-----+----+


7. Device Cell Placement Summary for Global Clock g1
----------------------------------------------------

+-----------+-----------------+-------------------+------------+-------------+---------------+-------------+----------+----------------+----------+-------------------------------------------+
| Global Id | Driver Type/Pin | Driver Region (D) | Clock      | Period (ns) | Waveform (ns) | Slice Loads | IO Loads | Clocking Loads | GT Loads | Net                                       |
+-----------+-----------------+-------------------+------------+-------------+---------------+-------------+----------+----------------+----------+-------------------------------------------+
| g1        | BUFGCTRL/O      | n/a               | clk_fpga_1 |       8.000 | {0.000 4.000} |          47 |        0 |              0 |        0 | design_1_i/gmii_to_rgmii_0/U0/gmii_tx_clk |
+-----------+-----------------+-------------------+------------+-------------+---------------+-------------+----------+----------------+----------+-------------------------------------------+
* Slice Loads column represents load cell count of all cell types other than IO, GT and clock resources
** IO Loads column represents load cell count of IO types
*** Clocking Loads column represents load cell count that are clock resources (global clock buffer, MMCM, PLL, etc)
**** GT Loads column represents load cell count of GT types


+----+-----+----+
|    | X0  | X1 |
+----+-----+----+
| Y6 |   1 |  0 |
| Y5 |   0 |  0 |
| Y4 |   9 |  0 |
| Y3 |   1 |  0 |
| Y2 |   0 |  0 |
| Y1 |  30 |  0 |
| Y0 |   6 |  0 |
+----+-----+----+


8. Device Cell Placement Summary for Global Clock g2
----------------------------------------------------

+-----------+-----------------+-------------------+-------+-------------+---------------+-------------+----------+----------------+----------+-----------------------------------------------------------------------------------------------------------+
| Global Id | Driver Type/Pin | Driver Region (D) | Clock | Period (ns) | Waveform (ns) | Slice Loads | IO Loads | Clocking Loads | GT Loads | Net                                                                                                       |
+-----------+-----------------+-------------------+-------+-------------+---------------+-------------+----------+----------------+----------+-----------------------------------------------------------------------------------------------------------+
| g2        | BUFG/O          | n/a               |       |             |               |          13 |        0 |              0 |        0 | design_1_i/gmii_to_rgmii_0/U0/design_1_gmii_to_rgmii_0_0_core/i_gmii_to_rgmii/i_gmii_to_rgmii/rgmii_rxc_0 |
+-----------+-----------------+-------------------+-------+-------------+---------------+-------------+----------+----------------+----------+-----------------------------------------------------------------------------------------------------------+
* Slice Loads column represents load cell count of all cell types other than IO, GT and clock resources
** IO Loads column represents load cell count of IO types
*** Clocking Loads column represents load cell count that are clock resources (global clock buffer, MMCM, PLL, etc)
**** GT Loads column represents load cell count of GT types


+----+----+----+
|    | X0 | X1 |
+----+----+----+
| Y6 |  1 |  0 |
| Y5 |  0 |  0 |
| Y4 |  0 |  0 |
| Y3 |  9 |  0 |
| Y2 |  0 |  0 |
| Y1 |  3 |  0 |
| Y0 |  0 |  0 |
+----+----+----+


9. Device Cell Placement Summary for Global Clock g3
----------------------------------------------------

+-----------+-----------------+-------------------+----------+-------------+-----------------+-------------+----------+----------------+----------+----------------------------------------------------+
| Global Id | Driver Type/Pin | Driver Region (D) | Clock    | Period (ns) | Waveform (ns)   | Slice Loads | IO Loads | Clocking Loads | GT Loads | Net                                                |
+-----------+-----------------+-------------------+----------+-------------+-----------------+-------------+----------+----------------+----------+----------------------------------------------------+
| g3        | BUFGCTRL/O      | n/a               | Multiple |     400.000 | {0.000 200.000} |           0 |        0 |              1 |        0 | design_1_i/gmii_to_rgmii_0/U0/gmii_clk_25m_or_2_5m |
+-----------+-----------------+-------------------+----------+-------------+-----------------+-------------+----------+----------------+----------+----------------------------------------------------+
* Slice Loads column represents load cell count of all cell types other than IO, GT and clock resources
** IO Loads column represents load cell count of IO types
*** Clocking Loads column represents load cell count that are clock resources (global clock buffer, MMCM, PLL, etc)
**** GT Loads column represents load cell count of GT types


+----+----+----+
|    | X0 | X1 |
+----+----+----+
| Y6 |  0 |  0 |
| Y5 |  0 |  0 |
| Y4 |  0 |  0 |
| Y3 |  0 |  0 |
| Y2 |  0 |  0 |
| Y1 |  0 |  0 |
| Y0 |  0 |  0 |
+----+----+----+


10. Device Cell Placement Summary for Global Clock g4
-----------------------------------------------------

+-----------+-----------------+-------------------+------------+-------------+---------------+-------------+----------+----------------+----------+------------------------------------------------+
| Global Id | Driver Type/Pin | Driver Region (D) | Clock      | Period (ns) | Waveform (ns) | Slice Loads | IO Loads | Clocking Loads | GT Loads | Net                                            |
+-----------+-----------------+-------------------+------------+-------------+---------------+-------------+----------+----------------+----------+------------------------------------------------+
| g4        | BUFG/O          | n/a               | clk_fpga_1 |       8.000 | {0.000 4.000} |           0 |        0 |              1 |        0 | design_1_i/processing_system7_0/inst/FCLK_CLK1 |
+-----------+-----------------+-------------------+------------+-------------+---------------+-------------+----------+----------------+----------+------------------------------------------------+
* Slice Loads column represents load cell count of all cell types other than IO, GT and clock resources
** IO Loads column represents load cell count of IO types
*** Clocking Loads column represents load cell count that are clock resources (global clock buffer, MMCM, PLL, etc)
**** GT Loads column represents load cell count of GT types


+----+----+----+
|    | X0 | X1 |
+----+----+----+
| Y6 |  0 |  0 |
| Y5 |  0 |  0 |
| Y4 |  0 |  0 |
| Y3 |  0 |  0 |
| Y2 |  0 |  0 |
| Y1 |  0 |  0 |
| Y0 |  0 |  0 |
+----+----+----+


11. Device Cell Placement Summary for Global Clock g5
-----------------------------------------------------

+-----------+-----------------+-------------------+------------+-------------+----------------+-------------+----------+----------------+----------+------------------------------------------------+
| Global Id | Driver Type/Pin | Driver Region (D) | Clock      | Period (ns) | Waveform (ns)  | Slice Loads | IO Loads | Clocking Loads | GT Loads | Net                                            |
+-----------+-----------------+-------------------+------------+-------------+----------------+-------------+----------+----------------+----------+------------------------------------------------+
| g5        | BUFG/O          | n/a               | clk_fpga_2 |      40.000 | {0.000 20.000} |           0 |        0 |              1 |        0 | design_1_i/processing_system7_0/inst/FCLK_CLK2 |
+-----------+-----------------+-------------------+------------+-------------+----------------+-------------+----------+----------------+----------+------------------------------------------------+
* Slice Loads column represents load cell count of all cell types other than IO, GT and clock resources
** IO Loads column represents load cell count of IO types
*** Clocking Loads column represents load cell count that are clock resources (global clock buffer, MMCM, PLL, etc)
**** GT Loads column represents load cell count of GT types


+----+----+----+
|    | X0 | X1 |
+----+----+----+
| Y6 |  0 |  0 |
| Y5 |  0 |  0 |
| Y4 |  0 |  0 |
| Y3 |  0 |  0 |
| Y2 |  0 |  0 |
| Y1 |  0 |  0 |
| Y0 |  0 |  0 |
+----+----+----+


12. Device Cell Placement Summary for Global Clock g6
-----------------------------------------------------

+-----------+-----------------+-------------------+------------+-------------+-----------------+-------------+----------+----------------+----------+------------------------------------------------+
| Global Id | Driver Type/Pin | Driver Region (D) | Clock      | Period (ns) | Waveform (ns)   | Slice Loads | IO Loads | Clocking Loads | GT Loads | Net                                            |
+-----------+-----------------+-------------------+------------+-------------+-----------------+-------------+----------+----------------+----------+------------------------------------------------+
| g6        | BUFG/O          | n/a               | clk_fpga_3 |     400.000 | {0.000 200.000} |           0 |        0 |              1 |        0 | design_1_i/processing_system7_0/inst/FCLK_CLK3 |
+-----------+-----------------+-------------------+------------+-------------+-----------------+-------------+----------+----------------+----------+------------------------------------------------+
* Slice Loads column represents load cell count of all cell types other than IO, GT and clock resources
** IO Loads column represents load cell count of IO types
*** Clocking Loads column represents load cell count that are clock resources (global clock buffer, MMCM, PLL, etc)
**** GT Loads column represents load cell count of GT types


+----+----+----+
|    | X0 | X1 |
+----+----+----+
| Y6 |  0 |  0 |
| Y5 |  0 |  0 |
| Y4 |  0 |  0 |
| Y3 |  0 |  0 |
| Y2 |  0 |  0 |
| Y1 |  0 |  0 |
| Y0 |  0 |  0 |
+----+----+----+


13. Clock Region Cell Placement per Global Clock: Region X0Y0
-------------------------------------------------------------

+-----------+-------+-----------------+------------+-------------+-----------------+----+--------+------+-----+----+------+-----+---------+------------------------------------------------+
| Global Id | Track | Driver Type/Pin | Constraint | Clock Loads | Non-Clock Loads | FF | LUTRAM | RAMB | DSP | GT | MMCM | PLL | Hard IP | Net                                            |
+-----------+-------+-----------------+------------+-------------+-----------------+----+--------+------+-----+----+------+-----+---------+------------------------------------------------+
| g0        | n/a   | BUFG/O          | None       |           1 |               0 |  0 |      0 |    0 |   0 |  0 |    0 |   0 |       0 | design_1_i/processing_system7_0/inst/FCLK_CLK0 |
| g1        | n/a   | BUFGCTRL/O      | None       |           6 |               0 |  0 |      0 |    0 |   0 |  0 |    0 |   0 |       0 | design_1_i/gmii_to_rgmii_0/U0/gmii_tx_clk      |
+-----------+-------+-----------------+------------+-------------+-----------------+----+--------+------+-----+----+------+-----+---------+------------------------------------------------+
* Clock Loads column represents the clock pin loads (pin count)
** Non-Clock Loads column represents the non-clock pin loads (pin count)
*** Columns FF, LUTRAM, RAMB through 'Hard IP' represents load cell counts


14. Clock Region Cell Placement per Global Clock: Region X0Y1
-------------------------------------------------------------

+-----------+-------+-----------------+------------+-------------+-----------------+----+--------+------+-----+----+------+-----+---------+-----------------------------------------------------------------------------------------------------------+
| Global Id | Track | Driver Type/Pin | Constraint | Clock Loads | Non-Clock Loads | FF | LUTRAM | RAMB | DSP | GT | MMCM | PLL | Hard IP | Net                                                                                                       |
+-----------+-------+-----------------+------------+-------------+-----------------+----+--------+------+-----+----+------+-----+---------+-----------------------------------------------------------------------------------------------------------+
| g0        | n/a   | BUFG/O          | None       |          84 |               0 | 84 |      0 |    0 |   0 |  0 |    0 |   0 |       0 | design_1_i/processing_system7_0/inst/FCLK_CLK0                                                            |
| g1        | n/a   | BUFGCTRL/O      | None       |          30 |               0 | 30 |      0 |    0 |   0 |  0 |    0 |   0 |       0 | design_1_i/gmii_to_rgmii_0/U0/gmii_tx_clk                                                                 |
| g2        | n/a   | BUFG/O          | None       |           3 |               0 |  3 |      0 |    0 |   0 |  0 |    0 |   0 |       0 | design_1_i/gmii_to_rgmii_0/U0/design_1_gmii_to_rgmii_0_0_core/i_gmii_to_rgmii/i_gmii_to_rgmii/rgmii_rxc_0 |
+-----------+-------+-----------------+------------+-------------+-----------------+----+--------+------+-----+----+------+-----+---------+-----------------------------------------------------------------------------------------------------------+
* Clock Loads column represents the clock pin loads (pin count)
** Non-Clock Loads column represents the non-clock pin loads (pin count)
*** Columns FF, LUTRAM, RAMB through 'Hard IP' represents load cell counts


15. Clock Region Cell Placement per Global Clock: Region X0Y3
-------------------------------------------------------------

+-----------+-------+-----------------+------------+-------------+-----------------+----+--------+------+-----+----+------+-----+---------+-----------------------------------------------------------------------------------------------------------+
| Global Id | Track | Driver Type/Pin | Constraint | Clock Loads | Non-Clock Loads | FF | LUTRAM | RAMB | DSP | GT | MMCM | PLL | Hard IP | Net                                                                                                       |
+-----------+-------+-----------------+------------+-------------+-----------------+----+--------+------+-----+----+------+-----+---------+-----------------------------------------------------------------------------------------------------------+
| g0        | n/a   | BUFG/O          | None       |          34 |               0 | 33 |      1 |    0 |   0 |  0 |    0 |   0 |       0 | design_1_i/processing_system7_0/inst/FCLK_CLK0                                                            |
| g1        | n/a   | BUFGCTRL/O      | None       |           1 |               0 |  1 |      0 |    0 |   0 |  0 |    0 |   0 |       0 | design_1_i/gmii_to_rgmii_0/U0/gmii_tx_clk                                                                 |
| g2        | n/a   | BUFG/O          | None       |           9 |               0 |  9 |      0 |    0 |   0 |  0 |    0 |   0 |       0 | design_1_i/gmii_to_rgmii_0/U0/design_1_gmii_to_rgmii_0_0_core/i_gmii_to_rgmii/i_gmii_to_rgmii/rgmii_rxc_0 |
+-----------+-------+-----------------+------------+-------------+-----------------+----+--------+------+-----+----+------+-----+---------+-----------------------------------------------------------------------------------------------------------+
* Clock Loads column represents the clock pin loads (pin count)
** Non-Clock Loads column represents the non-clock pin loads (pin count)
*** Columns FF, LUTRAM, RAMB through 'Hard IP' represents load cell counts


16. Clock Region Cell Placement per Global Clock: Region X0Y4
-------------------------------------------------------------

+-----------+-------+-----------------+------------+-------------+-----------------+----+--------+------+-----+----+------+-----+---------+-------------------------------------------+
| Global Id | Track | Driver Type/Pin | Constraint | Clock Loads | Non-Clock Loads | FF | LUTRAM | RAMB | DSP | GT | MMCM | PLL | Hard IP | Net                                       |
+-----------+-------+-----------------+------------+-------------+-----------------+----+--------+------+-----+----+------+-----+---------+-------------------------------------------+
| g1        | n/a   | BUFGCTRL/O      | None       |           9 |               0 |  9 |      0 |    0 |   0 |  0 |    0 |   0 |       0 | design_1_i/gmii_to_rgmii_0/U0/gmii_tx_clk |
+-----------+-------+-----------------+------------+-------------+-----------------+----+--------+------+-----+----+------+-----+---------+-------------------------------------------+
* Clock Loads column represents the clock pin loads (pin count)
** Non-Clock Loads column represents the non-clock pin loads (pin count)
*** Columns FF, LUTRAM, RAMB through 'Hard IP' represents load cell counts


17. Clock Region Cell Placement per Global Clock: Region X0Y6
-------------------------------------------------------------

+-----------+-------+-----------------+------------+-------------+-----------------+----+--------+------+-----+----+------+-----+---------+-----------------------------------------------------------------------------------------------------------+
| Global Id | Track | Driver Type/Pin | Constraint | Clock Loads | Non-Clock Loads | FF | LUTRAM | RAMB | DSP | GT | MMCM | PLL | Hard IP | Net                                                                                                       |
+-----------+-------+-----------------+------------+-------------+-----------------+----+--------+------+-----+----+------+-----+---------+-----------------------------------------------------------------------------------------------------------+
| g1        | n/a   | BUFGCTRL/O      | None       |           1 |               0 |  0 |      0 |    0 |   0 |  0 |    0 |   0 |       0 | design_1_i/gmii_to_rgmii_0/U0/gmii_tx_clk                                                                 |
| g2        | n/a   | BUFG/O          | None       |           1 |               0 |  0 |      0 |    0 |   0 |  0 |    0 |   0 |       0 | design_1_i/gmii_to_rgmii_0/U0/design_1_gmii_to_rgmii_0_0_core/i_gmii_to_rgmii/i_gmii_to_rgmii/rgmii_rxc_0 |
+-----------+-------+-----------------+------------+-------------+-----------------+----+--------+------+-----+----+------+-----+---------+-----------------------------------------------------------------------------------------------------------+
* Clock Loads column represents the clock pin loads (pin count)
** Non-Clock Loads column represents the non-clock pin loads (pin count)
*** Columns FF, LUTRAM, RAMB through 'Hard IP' represents load cell counts



# Location of BUFG Primitives 
set_property LOC BUFGCTRL_X0Y31 [get_cells design_1_i/processing_system7_0/inst/buffer_fclk_clk_3.FCLK_CLK_3_BUFG]
set_property LOC BUFGCTRL_X0Y29 [get_cells design_1_i/processing_system7_0/inst/buffer_fclk_clk_2.FCLK_CLK_2_BUFG]
set_property LOC BUFGCTRL_X0Y28 [get_cells design_1_i/processing_system7_0/inst/buffer_fclk_clk_1.FCLK_CLK_1_BUFG]
set_property LOC BUFGCTRL_X0Y26 [get_cells design_1_i/processing_system7_0/inst/buffer_fclk_clk_0.FCLK_CLK_0_BUFG]
set_property LOC BUFGCTRL_X0Y27 [get_cells design_1_i/gmii_to_rgmii_0/U0/i_bufgmux_gmii_clk]
set_property LOC BUFGCTRL_X0Y30 [get_cells design_1_i/gmii_to_rgmii_0/U0/i_bufgmux_gmii_clk_25m_2_5m]
set_property LOC BUFGCTRL_X0Y0 [get_cells design_1_i/gmii_to_rgmii_0/U0/design_1_gmii_to_rgmii_0_0_core/i_gmii_to_rgmii/i_gmii_to_rgmii/bufg_rgmii_rx_clk]

# Location of BUFIO Primitives 
set_property LOC BUFIO_X0Y2 [get_cells design_1_i/gmii_to_rgmii_0/U0/design_1_gmii_to_rgmii_0_0_core/i_gmii_to_rgmii/i_gmii_to_rgmii/bufio_rgmii_rx_clk]

# Location of IO Primitives which is load of clock spine

# Location of clock ports
set_property LOC IOB_X0Y26 [get_ports RGMII_0_rxc]

# Clock net "design_1_i/processing_system7_0/inst/FCLK_CLK0" driven by instance "design_1_i/processing_system7_0/inst/buffer_fclk_clk_0.FCLK_CLK_0_BUFG" located at site "BUFGCTRL_X0Y26"
#startgroup
create_pblock {CLKAG_design_1_i/processing_system7_0/inst/FCLK_CLK0}
add_cells_to_pblock [get_pblocks  {CLKAG_design_1_i/processing_system7_0/inst/FCLK_CLK0}] [get_cells -filter { PRIMITIVE_GROUP != I/O && IS_PRIMITIVE==1 && PRIMITIVE_LEVEL !=INTERNAL } -of_object [get_pins -filter {DIRECTION==IN} -of_objects [get_nets -hierarchical -filter {PARENT=="design_1_i/processing_system7_0/inst/FCLK_CLK0"}]]]
resize_pblock [get_pblocks {CLKAG_design_1_i/processing_system7_0/inst/FCLK_CLK0}] -add {CLOCKREGION_X0Y0:CLOCKREGION_X0Y0 CLOCKREGION_X0Y1:CLOCKREGION_X0Y1 CLOCKREGION_X0Y3:CLOCKREGION_X0Y3}
#endgroup

# Clock net "design_1_i/gmii_to_rgmii_0/U0/gmii_tx_clk" driven by instance "design_1_i/gmii_to_rgmii_0/U0/i_bufgmux_gmii_clk" located at site "BUFGCTRL_X0Y27"
#startgroup
create_pblock {CLKAG_design_1_i/gmii_to_rgmii_0/U0/gmii_tx_clk}
add_cells_to_pblock [get_pblocks  {CLKAG_design_1_i/gmii_to_rgmii_0/U0/gmii_tx_clk}] [get_cells -filter { PRIMITIVE_GROUP != I/O && IS_PRIMITIVE==1 && PRIMITIVE_LEVEL !=INTERNAL } -of_object [get_pins -filter {DIRECTION==IN} -of_objects [get_nets -hierarchical -filter {PARENT=="design_1_i/gmii_to_rgmii_0/U0/gmii_tx_clk"}]]]
resize_pblock [get_pblocks {CLKAG_design_1_i/gmii_to_rgmii_0/U0/gmii_tx_clk}] -add {CLOCKREGION_X0Y0:CLOCKREGION_X0Y0 CLOCKREGION_X0Y1:CLOCKREGION_X0Y1 CLOCKREGION_X0Y3:CLOCKREGION_X0Y3 CLOCKREGION_X0Y4:CLOCKREGION_X0Y4 CLOCKREGION_X0Y6:CLOCKREGION_X0Y6}
#endgroup

# Clock net "design_1_i/gmii_to_rgmii_0/U0/design_1_gmii_to_rgmii_0_0_core/i_gmii_to_rgmii/i_gmii_to_rgmii/rgmii_rxc_0" driven by instance "design_1_i/gmii_to_rgmii_0/U0/design_1_gmii_to_rgmii_0_0_core/i_gmii_to_rgmii/i_gmii_to_rgmii/bufg_rgmii_rx_clk" located at site "BUFGCTRL_X0Y0"
#startgroup
create_pblock {CLKAG_design_1_i/gmii_to_rgmii_0/U0/design_1_gmii_to_rgmii_0_0_core/i_gmii_to_rgmii/i_gmii_to_rgmii/rgmii_rxc_0}
add_cells_to_pblock [get_pblocks  {CLKAG_design_1_i/gmii_to_rgmii_0/U0/design_1_gmii_to_rgmii_0_0_core/i_gmii_to_rgmii/i_gmii_to_rgmii/rgmii_rxc_0}] [get_cells -filter { PRIMITIVE_GROUP != I/O && IS_PRIMITIVE==1 && PRIMITIVE_LEVEL !=INTERNAL } -of_object [get_pins -filter {DIRECTION==IN} -of_objects [get_nets -hierarchical -filter {PARENT=="design_1_i/gmii_to_rgmii_0/U0/design_1_gmii_to_rgmii_0_0_core/i_gmii_to_rgmii/i_gmii_to_rgmii/rgmii_rxc_0"}]]]
resize_pblock [get_pblocks {CLKAG_design_1_i/gmii_to_rgmii_0/U0/design_1_gmii_to_rgmii_0_0_core/i_gmii_to_rgmii/i_gmii_to_rgmii/rgmii_rxc_0}] -add {CLOCKREGION_X0Y1:CLOCKREGION_X0Y1 CLOCKREGION_X0Y3:CLOCKREGION_X0Y3 CLOCKREGION_X0Y6:CLOCKREGION_X0Y6}
#endgroup
